// Jest Snapshot v1, https://goo.gl/fbAQLP

exports[`Redux Dialog HOC Should render the component only when dialog prop is true 1`] = `
<div>
  <div>
    <p>
      dialog title
    </p>
    <p>
      dialog message
    </p>
  </div>
</div>
`;
